6849 deep
6848 standard
6838 deep
6593 deep
6836 compact
6830 deep
6827 deep
6828 standard
6824 deep
6817 deep
6543 deep
6607 standard
6468 standard
5893 standard
6814 deep
6379 standard
6813 standard
6812 standard
6466 standard
6810 deep
6692 standard
6806 compact
6805 deep
6709 standard
6712 deep
6803 compact
6801 standard
6751 deep
6802 deep
6800 standard
6750 compact
6799 standard
6771 deep
6769 standard
6789 deep
6535 deep
6788 standard
6787 standard
6786 standard
6784 deep
6783 compact
6781 deep
6776 deep
6778 standard
6774 standard
6775 compact
6772 standard
6770 standard
6766 standard
6765 standard
6764 standard
6763 standard
6759 compact
6757 standard
6756 deep
6752 standard
6749 deep
6747 standard
6744 deep
6745 deep
6742 deep
6739 deep
6738 standard
6735 standard
6733 standard
6720 compact
6716 standard
6715 standard
6711 deep
6620 standard
6266 standard
6708 standard
6706 standard
6702 deep
6704 standard
6701 standard
6697 deep
6699 compact
6696 standard
6695 compact
6689 deep
6687 compact
6658 deep
6684 deep
6681 deep
6683 deep
6682 deep
6679 standard
6676 standard
6675 standard
6669 deep
6670 deep
6671 compact
6666 standard
6663 standard
6665 deep
6661 standard
6659 compact
6657 standard
6651 compact
