["go", "build", "-p", "2", "-overlay", "/Users/csells/.bb/personal-workspaces/env_tcfp9gdfcc/gascity-runtime-diagnosis/build/red-overlay.json", "-o", "/Users/csells/.bb/personal-workspaces/env_tcfp9gdfcc/gascity-runtime-diagnosis/build/scan-red", "./cmd/jev-scan-probe"]
["go", "build", "-p", "2", "-o", "/Users/csells/.bb/personal-workspaces/env_tcfp9gdfcc/gascity-runtime-diagnosis/build/scan-green", "./cmd/jev-scan-probe"]
["go", "build", "-p", "2", "-ldflags", "-s -w -X main.version=1.4.2-jev-tmux -X main.commit=local-regression", "-o", "/Users/csells/.bb/personal-workspaces/env_tcfp9gdfcc/gascity-runtime-diagnosis/build/gc", "./cmd/gc"]
go: downloading github.com/gastownhall/gascity-packs v0.3.1-0.20260617013242-33d3a430a67d
go: downloading github.com/oapi-codegen/runtime v1.4.0
go: downloading github.com/shirou/gopsutil/v4 v4.26.5
go: downloading github.com/Masterminds/semver/v3 v3.4.0
go: downloading github.com/steveyegge/beads v1.3.0
go: downloading k8s.io/api v0.35.2
go: downloading k8s.io/apimachinery v0.35.2
go: downloading k8s.io/client-go v0.35.2
go: downloading github.com/gorilla/websocket v1.5.4-0.20250319132907-e064f32e3674
go: downloading go.opentelemetry.io/otel/exporters/otlp/otlplog/otlploghttp v0.19.0
go: downloading go.opentelemetry.io/otel/log v0.19.0
go: downloading go.opentelemetry.io/otel/sdk/log v0.19.0
go: downloading github.com/danielgtaylor/huma/v2 v2.37.3
go: downloading github.com/apapsch/go-jsonmerge/v2 v2.0.0
go: downloading gopkg.in/inf.v0 v0.9.1
go: downloading k8s.io/utils v0.0.0-20251002143259-bc988d571ff4
go: downloading sigs.k8s.io/randfill v1.0.0
go: downloading go.yaml.in/yaml/v4 v4.0.0-rc.4
go: downloading github.com/ebitengine/purego v0.10.0
go: downloading github.com/tklauser/go-sysconf v0.3.16
go: downloading k8s.io/klog/v2 v2.130.1
go: downloading k8s.io/kube-openapi v0.0.0-20250910181357-589584f1c912
go: downloading sigs.k8s.io/structured-merge-diff/v6 v6.3.0
go: downloading sigs.k8s.io/json v0.0.0-20250730193827-2d320260d730
go: downloading github.com/fxamacker/cbor/v2 v2.9.0
go: downloading github.com/json-iterator/go v1.1.12
go: downloading go.yaml.in/yaml/v2 v2.4.3
go: downloading github.com/x448/float16 v0.8.4
go: downloading github.com/modern-go/concurrent v0.0.0-20180306012644-bacd9c7ef1dd
go: downloading github.com/modern-go/reflect2 v1.0.3-0.20250322232337-35a7c28c31ee
go: downloading github.com/munnerz/goautoneg v0.0.0-20191010083416-a7dc8b61c822
go: downloading github.com/google/gnostic-models v0.7.0
go: downloading github.com/davecgh/go-spew v1.1.2-0.20180830191138-d8f796af33cc
go: downloading sigs.k8s.io/yaml v1.6.0
go: downloading gopkg.in/evanphx/json-patch.v4 v4.13.0
go: downloading github.com/go-openapi/swag v0.23.0
go: downloading github.com/go-openapi/jsonreference v0.20.2
go: downloading github.com/moby/spdystream v0.5.1
go: downloading github.com/emicklei/go-restful/v3 v3.12.2
go: downloading github.com/mxk/go-flowrate v0.0.0-20140419014527-cca7078d478f
go: downloading github.com/go-openapi/jsonpointer v0.22.5
go: downloading github.com/mailru/easyjson v0.7.7
go: downloading github.com/go-openapi/swag/jsonname v0.25.5
go: downloading github.com/josharian/intern v1.0.0
go: downloading github.com/mattn/go-colorable v0.1.14
go: downloading github.com/google/btree v1.1.3
go: downloading github.com/dolthub/go-icu-regex v0.0.0-20260610153742-72563bc7ca83
# github.com/dolthub/go-icu-regex/internal/icu
file.cpp:3:10: fatal error: 'unicode/regex.h' file not found
