+ git init -b main
+ git config user.email gascity-pack-gate@example.invalid
+ git config user.name 'Gas City Pack Gate'
+ git add .
+ git commit -m 'Add inference gate fixtures'
+ /opt/homebrew/bin/gc init --skip-provider-readiness --name jev-ab-run-001-baseline --file /private/tmp/gcja-9c9m6klx/w/city/city.toml --preserve-existing --yes /private/tmp/gcja-9c9m6klx/w/city
Preserved existing pack.toml.
Preserved existing city.toml.
Welcome to Gas City!
Initialized city "jev-ab-run-001-baseline" from city.toml.
Skipping provider readiness checks.
Registered city 'jev-ab-run-001-baseline' (/tmp/gcja-9c9m6klx/w/city)
Supervisor started (PID 55972)
Dashboard:  http://127.0.0.1:59003/
Waiting for supervisor to start city...
  Adopting sessions...
gc supervisor install: launchctl load /Users/csells/Library/LaunchAgents/com.gascity.supervisor.gc-home-9053f57b.plist: exit status 1
+ /opt/homebrew/bin/gc --city /private/tmp/gcja-9c9m6klx/w/city import install
+ /opt/homebrew/bin/gc --city /private/tmp/gcja-9c9m6klx/w/city import check
+ /opt/homebrew/bin/gc --city /private/tmp/gcja-9c9m6klx/w/city config show
+ /opt/homebrew/bin/gc --city /private/tmp/gcja-9c9m6klx/w/city --rig fixture formula show build-basic
+ /opt/homebrew/bin/gc start /private/tmp/gcja-9c9m6klx/w/city --verbose
Supervisor: pid=55972 exe=(unreadable) buildID=unknown started=3m ago
Registered city 'jev-ab-run-001-baseline' (/tmp/gcja-9c9m6klx/w/city)
[8/8] Waiting for supervisor to start city
City started under supervisor.
gc supervisor install: launchctl load /Users/csells/Library/LaunchAgents/com.gascity.supervisor.gc-home-9053f57b.plist: exit status 1
gc-start: pid=55972 binary=/opt/homebrew/bin/gc build=unknown drift=unknown warnings=0 fatal=
+ /opt/homebrew/bin/gc --city /private/tmp/gcja-9c9m6klx/w/city --rig fixture sling gc.run-operator --stdin --force --on build-basic --title 'gascity pack inference gate: build-basic' --nudge --json --var artifact_root=.gc/inference-gate/build-basic --var interaction_mode=headless --var review_mode=agent --var drain_policy=separate --var push=false --var open_pr=false --var max_iterations=2 --var jev_mode=off --var jev_model=jev-1.13.0 --var jev_threshold=0.85
TimeoutExpired: Command '['/opt/homebrew/bin/gc', '--city', '/private/tmp/gcja-9c9m6klx/w/city', '--rig', 'fixture', 'sling', 'gc.run-operator', '--stdin', '--force', '--on', 'build-basic', '--title', 'gascity pack inference gate: build-basic', '--nudge', '--json', '--var', 'artifact_root=.gc/inference-gate/build-basic', '--var', 'interaction_mode=headless', '--var', 'review_mode=agent', '--var', 'drain_policy=separate', '--var', 'push=false', '--var', 'open_pr=false', '--var', 'max_iterations=2', '--var', 'jev_mode=off', '--var', 'jev_model=jev-1.13.0', '--var', 'jev_threshold=0.85']' timed out after 120 seconds
+ /opt/homebrew/bin/gc stop /private/tmp/gcja-9c9m6klx/w/city --force --timeout 30s
+ /opt/homebrew/bin/gc supervisor stop --wait --wait-timeout 30s
