[1/16] findings-repeated baseline rep=1 starting
[1/16] completed; quality=True; fallback=0; 10.86s
[2/16] findings-repeated jev rep=1 starting
[2/16] completed; quality=True; fallback=2; 12.32s
[3/16] findings-simple jev rep=1 starting
[3/16] completed; quality=True; fallback=2; 7.39s
[4/16] findings-simple baseline rep=1 starting
[4/16] completed; quality=True; fallback=0; 8.09s
[5/16] kind-pilot-gascity-6319 baseline rep=1 starting
[5/16] completed; quality=True; fallback=0; 12.97s
[6/16] kind-pilot-gascity-6319 jev rep=1 starting
[6/16] completed; quality=True; fallback=0; 0.78s
[7/16] kind-pilot-gascity-6435 jev rep=1 starting
[7/16] completed; quality=True; fallback=0; 0.87s
[8/16] kind-pilot-gascity-6435 baseline rep=1 starting
[8/16] completed; quality=True; fallback=0; 13.06s
[9/16] duplicates-clear baseline rep=1 starting
[9/16] completed; quality=True; fallback=0; 13.17s
[10/16] duplicates-clear jev rep=1 starting
[10/16] completed; quality=True; fallback=0; 0.52s
[11/16] duplicates-related jev rep=1 starting
[11/16] completed; quality=True; fallback=1; 10.88s
[12/16] duplicates-related baseline rep=1 starting
[12/16] completed; quality=True; fallback=0; 12.81s
[13/16] failure-no-python baseline rep=1 starting
[13/16] completed; quality=True; fallback=0; 20.58s
[14/16] failure-no-python jev rep=1 starting
[14/16] completed; quality=True; fallback=0; 0.61s
[15/16] failure-assert jev rep=1 starting
[15/16] completed; quality=True; fallback=0; 0.47s
[16/16] failure-assert baseline rep=1 starting
[16/16] completed; quality=True; fallback=0; 14.60s
