[1/16] kind-gascity-5261 baseline rep=1 starting
[1/16] completed; quality=True; fallback=0; 14.93s
[2/16] kind-gascity-5261 jev rep=1 starting
[2/16] completed; quality=True; fallback=0; 11.65s
[3/16] kind-gascity-6413 jev rep=1 starting
[3/16] completed; quality=True; fallback=0; 11.69s
[4/16] kind-gascity-6413 baseline rep=1 starting
[4/16] completed; quality=True; fallback=0; 8.61s
[5/16] failure-permission baseline rep=1 starting
[5/16] completed; quality=True; fallback=0; 15.02s
[6/16] failure-permission jev rep=1 starting
[6/16] completed; quality=True; fallback=0; 12.32s
[7/16] failure-schema jev rep=1 starting
[7/16] completed; quality=False; fallback=1; 14.73s
[8/16] failure-schema baseline rep=1 starting
[8/16] completed; quality=False; fallback=0; 9.88s
[9/16] findings-distinct-same-file baseline rep=1 starting
[9/16] completed; quality=True; fallback=0; 12.28s
[10/16] findings-distinct-same-file jev rep=1 starting
[10/16] completed; quality=True; fallback=1; 14.38s
[11/16] findings-mixed jev rep=1 starting
[11/16] completed; quality=True; fallback=0; 13.76s
[12/16] findings-mixed baseline rep=1 starting
[12/16] completed; quality=True; fallback=0; 12.82s
[13/16] duplicates-insufficient baseline rep=1 starting
[13/16] completed; quality=True; fallback=0; 12.82s
[14/16] duplicates-insufficient jev rep=1 starting
[14/16] completed; quality=True; fallback=1; 11.41s
[15/16] duplicates-cross-component jev rep=1 starting
[15/16] completed; quality=True; fallback=1; 12.39s
[16/16] duplicates-cross-component baseline rep=1 starting
[16/16] completed; quality=True; fallback=0; 13.28s
