1791080994.687 821011 claim fi-354 jev-build.prepare agent=je-wisp-3jp
1791080995.051 821014 no work: {'schema_version': '1', 'ok': True, 'command': 'hook', 'action': 'drain', 'reason': 'no_work', 'drain_acknowledged': Tru
1791080995.861 821011 done fi-354 prepare
1791081006.154 826829 claim fi-lm6 requirements.iteration.1 agent=je-wisp-1fr
1791081006.201 826834 no work: {'schema_version': '1', 'ok': True, 'command': 'hook', 'action': 'drain', 'reason': 'no_work', 'drain_acknowledged': Tru
1791081006.201 826833 no work: {'schema_version': '1', 'ok': True, 'command': 'hook', 'action': 'drain', 'reason': 'no_work', 'drain_acknowledged': Tru
1791081006.883 826829 done fi-lm6 requirements
1791081021.789 836333 claim fi-ai2 plan.iteration.1 agent=je-wisp-5ou
1791081022.537 836333 done fi-ai2 plan
1791081028.587 841458 no work: {'schema_version': '1', 'ok': True, 'command': 'hook', 'action': 'drain', 'reason': 'no_work', 'drain_acknowledged': Tru
1791081037.277 846650 claim fi-aqx jev-build.plan-review agent=je-wisp-tfn
1791081038.013 846650 done fi-aqx plan-review
1791081047.990 853825 no work: {'schema_version': '1', 'ok': True, 'command': 'hook', 'action': 'drain', 'reason': 'no_work', 'drain_acknowledged': Tru
1791081048.023 853827 claim fi-3mx decompose.iteration.1 agent=je-wisp-rh8
1791081050.283 853827 done fi-3mx decompose
1791081069.087 867969 claim fi-5ll do-work.prepare-worktree agent=je-wisp-8u0
1791081069.275 867967 released latch fi-6k9 kind=workflow
1791081070.791 867969 done fi-5ll prepare-worktree
1791081071.509 867967 released latch fi-6k9 kind=workflow
1791081073.873 867967 claim fi-pol implement.iteration.1 agent=je-wisp-2oi
1791081076.032 867967 done fi-pol implement
1791081076.921 874814 no work: {'schema_version': '1', 'ok': True, 'command': 'hook', 'action': 'drain', 'reason': 'no_work', 'drain_acknowledged': Tru
1791081090.311 883905 claim fi-bn4 do-work.close-source-anchor agent=je-wisp-v0y
1791081090.534 883903 released latch fi-6k9 kind=workflow
1791081092.103 883905 done fi-bn4 close-source-anchor
1791081092.838 883903 released latch fi-6k9 kind=workflow
1791081095.000 883903 released latch fi-6k9 kind=workflow
1791081098.365 890308 no work: {'schema_version': '1', 'ok': True, 'command': 'hook', 'action': 'drain', 'reason': 'no_work', 'drain_acknowledged': Tru
1791081108.447 899704 no work: {'schema_version': '1', 'ok': True, 'command': 'hook', 'action': 'drain', 'reason': 'no_work', 'drain_acknowledged': Tru
1791081117.499 906479 claim fi-grz summarize-implementation.iteration.1 agent=je-wisp-trr
1791081118.724 906479 done fi-grz summarize-implementation
1791081157.783 935582 claim fi-ay1 jev-build.review.item.1.review-loop.iteration.1.jev-build.review.item.1.simplicity-review agent=je-wisp-hmw
1791081158.519 935582 done fi-ay1 simplicity-review
1791081168.795 943569 no work: {'schema_version': '1', 'ok': True, 'command': 'hook', 'action': 'drain', 'reason': 'no_work', 'drain_acknowledged': Tru
1791081168.951 943567 claim fi-bly jev-build.review.item.1.review-loop.iteration.1.jev-build.review.item.1.apply-review-findings agent=je-wisp-zt4
1791081169.722 943567 done fi-bly apply-review-findings
1791081181.732 952189 no work: {'schema_version': '1', 'ok': True, 'command': 'hook', 'action': 'drain', 'reason': 'no_work', 'drain_acknowledged': Tru
1791081181.735 952175 no work: {'schema_version': '1', 'ok': True, 'command': 'hook', 'action': 'drain', 'reason': 'no_work', 'drain_acknowledged': Tru
1791081181.815 952176 no work: {'schema_version': '1', 'ok': True, 'command': 'hook', 'action': 'drain', 'reason': 'no_work', 'drain_acknowledged': Tru
1791081215.893 978110 claim fi-mhv jev-build.review.item.1.finalize.iteration.1 agent=je-wisp-6em
1791081217.047 978110 done fi-mhv finalize
1791081223.029 983280 no work: {'schema_version': '1', 'ok': True, 'command': 'hook', 'action': 'drain', 'reason': 'no_work', 'drain_acknowledged': Tru
1791081232.266 991122 claim fi-2dx jev-review-tail.jev-build.review.item.1.publish agent=je-wisp-9al
1791081233.006 991122 done fi-2dx publish
1791081240.076 997056 no work: {'schema_version': '1', 'ok': True, 'command': 'hook', 'action': 'drain', 'reason': 'no_work', 'drain_acknowledged': Tru
