+ git init -b main
+ git config user.email gascity-pack-gate@example.invalid
+ git config user.name 'Gas City Pack Gate'
+ git add .
+ git commit -m 'Add inference gate fixtures'
+ /opt/homebrew/bin/gc init --skip-provider-readiness --name jev-ab-full-original-001 --file /Users/csells/.bb/personal-workspaces/env_tcfp9gdfcc/beads-init-diagnosis/full-original-001/workspace/city/city.toml --preserve-existing --yes /Users/csells/.bb/personal-workspaces/env_tcfp9gdfcc/beads-init-diagnosis/full-original-001/workspace/city
Preserved existing pack.toml.
Preserved existing city.toml.
Welcome to Gas City!
Initialized city "jev-ab-full-original-001" from city.toml.
Skipping provider readiness checks.
gc init: exec beads init: gc-beads-bd: setting git config --global beads.role maintainer
warning: database 'hq' missing bd schema; re-initializing
Thanks for using bd! Quick heads-up: bd shares anonymous usage metrics —
   just which commands get run (plus the bd version and OS platform), never your
   issues, paths, remotes, identity, or anything you type. Seeing how people use
   bd is how we decide what to improve next, so it genuinely makes bd better for
   everyone.
      Curious what's sent?   bd metrics example
      Prefer to opt out?     bd metrics off    (one command, no restart needed)

DeprecationWarning: --force is deprecated; use --reinit-local instead.
  See 'bd help init-safety' for the init flag surface.

Warning: applying 43 pending schema migration(s) to a shared server database (BD_ALLOW_REMOTE_MIGRATE=1); co-resident bd clients still on an older binary will refuse this database until they are upgraded (#5920)
Error: failed to open Dolt store: failed to initialize schema: schema migration: pending schema migrations alter pre-existing dirty tables: issues; run 'bd dolt commit' to commit the working set at the current schema, then re-run the migration (gastownhall/beads#4566)
bd init failed for /Users/csells/.bb/personal-workspaces/env_tcfp9gdfcc/beads-init-diagnosis/full-original-001/workspace/city
hint: run "gc doctor" for diagnostics
Preserved existing pack.toml.
Preserved existing city.toml.
Welcome to Gas City!
Initialized city "jev-ab-full-original-001" from city.toml.
Skipping provider readiness checks.
gc init: exec beads init: gc-beads-bd: setting git config --global beads.role maintainer
warning: database 'hq' missing bd schema; re-initializing
Thanks for using bd! Quick heads-up: bd shares anonymous usage metrics —
   just which commands get run (plus the bd version and OS platform), never your
   issues, paths, remotes, identity, or anything you type. Seeing how people use
   bd is how we decide what to improve next, so it genuinely makes bd better for
   everyone.
      Curious what's sent?   bd metrics example
      Prefer to opt out?     bd metrics off    (one command, no restart needed)

DeprecationWarning: --force is deprecated; use --reinit-local instead.
  See 'bd help init-safety' for the init flag surface.

Warning: applying 43 pending schema migration(s) to a shared server database (BD_ALLOW_REMOTE_MIGRATE=1); co-resident bd clients still on an older binary will refuse this database until they are upgraded (#5920)
Error: failed to open Dolt store: failed to initialize schema: schema migration: pending schema migrations alter pre-existing dirty tables: issues; run 'bd dolt commit' to commit the working set at the current schema, then re-run the migration (gastownhall/beads#4566)
bd init failed for /Users/csells/.bb/personal-workspaces/env_tcfp9gdfcc/beads-init-diagnosis/full-original-001/workspace/city
hint: run "gc doctor" for diagnostics
CalledProcessError: Command '['/opt/homebrew/bin/gc', 'init', '--skip-provider-readiness', '--name', 'jev-ab-full-original-001', '--file', '/Users/csells/.bb/personal-workspaces/env_tcfp9gdfcc/beads-init-diagnosis/full-original-001/workspace/city/city.toml', '--preserve-existing', '--yes', '/Users/csells/.bb/personal-workspaces/env_tcfp9gdfcc/beads-init-diagnosis/full-original-001/workspace/city']' returned non-zero exit status 1.
+ /opt/homebrew/bin/gc stop /Users/csells/.bb/personal-workspaces/env_tcfp9gdfcc/beads-init-diagnosis/full-original-001/workspace/city --force --timeout 30s
2026/09/19 11:00:48 ERROR native_store_unavailable gate=identity_match reason="metadata project_id is missing" scope=/Users/csells/.bb/personal-workspaces/env_tcfp9gdfcc/beads-init-diagnosis/full-original-001/workspace/city
gc stop: marking sessions: bd list: exit status 1: Error: search count issues: Error 1146 (HY000): table not found: leases
bd query (wisps): exit status 1: search count issues: Error 1146 (HY000): table not found: leases
2026/09/19 11:00:54 ERROR native_store_unavailable gate=identity_match reason="metadata project_id is missing" scope=/Users/csells/.bb/personal-workspaces/env_tcfp9gdfcc/beads-init-diagnosis/full-original-001/workspace/city
gc lifecycle: pool bead lookup for bd.dog returned error (legacy discovery also runs): listing session beads by type: bd list: exit status 1: Error: search count issues: Error 1146 (HY000): table not found: leases
bd query (wisps): exit status 1: search count issues: Error 1146 (HY000): table not found: leases
gc stop: timed out after 30s; some sessions may not have stopped — retry with --force if stop is wedged, or raise --timeout for large stop sets
cleanup command failed (/opt/homebrew/bin/gc stop /Users/csells/.bb/personal-workspaces/env_tcfp9gdfcc/beads-init-diagnosis/full-original-001/workspace/city --force --timeout 30s): Command '['/opt/homebrew/bin/gc', 'stop', '/Users/csells/.bb/personal-workspaces/env_tcfp9gdfcc/beads-init-diagnosis/full-original-001/workspace/city', '--force', '--timeout', '30s']' returned non-zero exit status 1.
+ /opt/homebrew/bin/gc supervisor stop --wait --wait-timeout 30s
gc supervisor stop: supervisor is not running
cleanup command failed (/opt/homebrew/bin/gc supervisor stop --wait --wait-timeout 30s): Command '['/opt/homebrew/bin/gc', 'supervisor', 'stop', '--wait', '--wait-timeout', '30s']' returned non-zero exit status 1.
